// Jest Snapshot v1, https://goo.gl/fbAQLP

exports[`Card Component should match the snapshot 1`] = `
Object {
  "asFragment": [Function],
  "baseElement": <body>
    <div>
      <div
        class="max-w-md rounded overflow-hidden shadow-lg"
        data-testid="card"
      >
        <img
          alt="rocket"
          class="w-full"
          src="rocket1.jpg"
        />
        <div
          class="px-6 py-4"
        >
          <div
            class="font-bold text-xl mb-2"
          >
            status - 
            active
          </div>
          <p
            class="text-gray-700 text-base"
          >
            details - 
            lorem i[sum doler
          </p>
        </div>
        <div
          class="px-6 pt-4 pb-2"
        >
          <span
            class="inline-block bg-gray-200 rounded-full px-3 py-1 text-sm font-semibold text-gray-700 mr-2 mb-2"
          >
            type - 
            Dragon 1.0
          </span>
          <span
            class="inline-block bg-gray-200 rounded-full px-3 py-1 text-sm font-semibold text-gray-700 mr-2 mb-2"
          >
            launch - 
            2 aug 2019
          </span>
          <span
            class="inline-block bg-gray-200 rounded-full px-3 py-1 text-sm font-semibold text-gray-700 mr-2 mb-2"
          >
            landing - 
            1
          </span>
        </div>
      </div>
    </div>
  </body>,
  "container": <div>
    <div
      class="max-w-md rounded overflow-hidden shadow-lg"
      data-testid="card"
    >
      <img
        alt="rocket"
        class="w-full"
        src="rocket1.jpg"
      />
      <div
        class="px-6 py-4"
      >
        <div
          class="font-bold text-xl mb-2"
        >
          status - 
          active
        </div>
        <p
          class="text-gray-700 text-base"
        >
          details - 
          lorem i[sum doler
        </p>
      </div>
      <div
        class="px-6 pt-4 pb-2"
      >
        <span
          class="inline-block bg-gray-200 rounded-full px-3 py-1 text-sm font-semibold text-gray-700 mr-2 mb-2"
        >
          type - 
          Dragon 1.0
        </span>
        <span
          class="inline-block bg-gray-200 rounded-full px-3 py-1 text-sm font-semibold text-gray-700 mr-2 mb-2"
        >
          launch - 
          2 aug 2019
        </span>
        <span
          class="inline-block bg-gray-200 rounded-full px-3 py-1 text-sm font-semibold text-gray-700 mr-2 mb-2"
        >
          landing - 
          1
        </span>
      </div>
    </div>
  </div>,
  "debug": [Function],
  "findAllByAltText": [Function],
  "findAllByDisplayValue": [Function],
  "findAllByLabelText": [Function],
  "findAllByPlaceholderText": [Function],
  "findAllByRole": [Function],
  "findAllByTestId": [Function],
  "findAllByText": [Function],
  "findAllByTitle": [Function],
  "findByAltText": [Function],
  "findByDisplayValue": [Function],
  "findByLabelText": [Function],
  "findByPlaceholderText": [Function],
  "findByRole": [Function],
  "findByTestId": [Function],
  "findByText": [Function],
  "findByTitle": [Function],
  "getAllByAltText": [Function],
  "getAllByDisplayValue": [Function],
  "getAllByLabelText": [Function],
  "getAllByPlaceholderText": [Function],
  "getAllByRole": [Function],
  "getAllByTestId": [Function],
  "getAllByText": [Function],
  "getAllByTitle": [Function],
  "getByAltText": [Function],
  "getByDisplayValue": [Function],
  "getByLabelText": [Function],
  "getByPlaceholderText": [Function],
  "getByRole": [Function],
  "getByTestId": [Function],
  "getByText": [Function],
  "getByTitle": [Function],
  "queryAllByAltText": [Function],
  "queryAllByDisplayValue": [Function],
  "queryAllByLabelText": [Function],
  "queryAllByPlaceholderText": [Function],
  "queryAllByRole": [Function],
  "queryAllByTestId": [Function],
  "queryAllByText": [Function],
  "queryAllByTitle": [Function],
  "queryByAltText": [Function],
  "queryByDisplayValue": [Function],
  "queryByLabelText": [Function],
  "queryByPlaceholderText": [Function],
  "queryByRole": [Function],
  "queryByTestId": [Function],
  "queryByText": [Function],
  "queryByTitle": [Function],
  "rerender": [Function],
  "unmount": [Function],
}
`;
